Hitachi Optimizing Linkage Editor (Ver. 7.1.03.000)29-Jul-2023 18:17:45

*** Options ***

-subcommand=C:\Users\Felix\AppData\Local\Temp\hmkB454.tmp
noprelink
sdebug
rom D=R
nomessage
list "C:\Users\Felix\Desktop\casio_conways_game_of_life\casio_conways_game_of_life-main\Debug\FXADDINror.map"
show symbol
nooptimize
start P_TOP,P,C,D,C$VTBL,C$INIT/0300200,B_BR_Size,B,R/08100000
fsymbol P
nologo
input "C:\Users\Felix\Desktop\casio_conways_game_of_life\casio_conways_game_of_life-main\Debug\GOL.obj"
input "C:\Program Files\CASIO\fx-9860G SDK\OS\FX\lib\setup.obj"
library "C:\Program Files\CASIO\fx-9860G SDK\OS\FX\lib\fx9860G_library.lib"
output "C:\Users\Felix\Desktop\casio_conways_game_of_life\casio_conways_game_of_life-main\Debug\FXADDINror.abs"
-nomessage=1100
end

*** Error information ***

*** Mapping List ***

SECTION                            START      END         SIZE   ALIGN

P_TOP
                                  00300200  0030020b         c   4
P
                                  0030020c  003009a3       798   4
C
                                  003009a4  00300cb7       314   4
D
                                  00300cb8  00300cbb         4   4
B_BR_Size
                                  08100000  08100003         4   4
B
                                  08100004  08100007         4   4
R
                                  08100008  0810000b         4   4

*** Symbol List ***

SECTION=
FILE=                               START        END    SIZE
  SYMBOL                            ADDR        SIZE    INFO      COUNTS  OPT

SECTION=P_TOP
FILE=C:\Users\Felix\Desktop\casio_conways_game_of_life\casio_conways_game_of_life-main\Debug\GOL.obj
                                  00300200  0030020b         c
  _InitializeSystem
                                  00300200         c   func ,g         * 

SECTION=P
FILE=C:\Users\Felix\Desktop\casio_conways_game_of_life\casio_conways_game_of_life-main\Debug\GOL.obj
                                  0030020c  0030046b       260
  _RenderArray
                                  0030020c        5c   func ,g         * 
  _AddIn_main
                                  00300268       204   func ,g         * 
FILE=C:\Program Files\CASIO\fx-9860G SDK\OS\FX\lib\setup.obj
                                  0030046c  00300587       11c
  ___LINK_PROTECT
                                  0030046c         4   func ,g         * 
  _SetQuitHandler
                                  00300470         6   func ,g         * 
  _OnAppCloseDefault
                                  00300476        54   func ,g         * 
  __INITSCT_ADDIN
                                  003004ca        48   func ,g         * 
  _INIT_ADDIN_APPLICATION
                                  00300512        76   func ,g         * 
FILE=__q_mvn
                                  00300588  00300647        c0
  __quick_mvn
                                  00300588         0   none ,g         * 
  FMVN_FAST
                                  00300590         0   none ,l         * 
  A_FMVN_TBL
                                  00300598         0   none ,l         * 
  FMVN_64
                                  0030059e         0   none ,l         * 
  FMVN_60
                                  003005a2         0   none ,l         * 
  FMVN_56
                                  003005a6         0   none ,l         * 
  FMVN_52
                                  003005aa         0   none ,l         * 
  FMVN_48
                                  003005ae         0   none ,l         * 
  FMVN_44
                                  003005b2         0   none ,l         * 
  FMVN_40
                                  003005b6         0   none ,l         * 
  FMVN_36
                                  003005ba         0   none ,l         * 
  FMVN_32
                                  003005be         0   none ,l         * 
  FMVN_28
                                  003005c2         0   none ,l         * 
  FMVN_24
                                  003005c6         0   none ,l         * 
  FMVN_20
                                  003005ca         0   none ,l         * 
  FMVN_16
                                  003005ce         0   none ,l         * 
  FMVN_12
                                  003005d2         0   none ,l         * 
  FMVN_8
                                  003005d6         0   none ,l         * 
  FMVN_4
                                  003005da         0   none ,l         * 
  FMVN_0
                                  003005de         0   none ,l         * 
  FMVN_TBL
                                  003005e4         0   none ,l         * 
  FMVN_slow
                                  00300628         0   none ,l         * 
  FMVN_L
                                  0030062e         0   none ,l         * 
  FMVN_END
                                  00300642         0   none ,l         * 
FILE=_Bdel_cychdr
                                  00300648  00300657        10
  _Bdel_cychdr
                                  00300648         0   none ,g         * 
FILE=_Bdisp_AllClr_DDVRAM
                                  00300658  00300667        10
  _Bdisp_AllClr_DDVRAM
                                  00300658         0   none ,g         * 
FILE=_Bdisp_SetPoint_VRAM
                                  00300668  00300677        10
  _Bdisp_SetPoint_VRAM
                                  00300668         0   none ,g         * 
FILE=_BfileFLS_CloseFile
                                  00300678  00300687        10
  _BfileFLS_CloseFile
                                  00300678         0   none ,g         * 
FILE=_Bkey_Set_RepeatTime_Default
                                  00300688  00300697        10
  _Bkey_Set_RepeatTime_Default
                                  00300688         0   none ,g         * 
FILE=_CallbackAtQuitMainFunction
                                  00300698  003006a7        10
  _CallbackAtQuitMainFunction
                                  00300698         0   none ,g         * 
FILE=_flsFindClose
                                  003006a8  003006b7        10
  _flsFindClose
                                  003006a8         0   none ,g         * 
FILE=_getkey
                                  003006b8  003006c7        10
  _GetKey
                                  003006b8         0   none ,g         * 
FILE=_GLibAddinAplExecutionCheck
                                  003006c8  003006d7        10
  _GLibAddinAplExecutionCheck
                                  003006c8         0   none ,g         * 
FILE=_Hmem_SetMMU
                                  003006d8  003006e7        10
  _Hmem_SetMMU
                                  003006d8         0   none ,g         * 
FILE=timer
                                  003006e8  003007e7       100
  _GetSDKLibraryVersion
                                  003006e8         6   func ,g         * 
  _SetTimer
                                  003006ee        54   func ,g         * 
  _KillTimer
                                  00300742        44   func ,g         * 
  _Sleep
                                  00300786        62   func ,g         * 
FILE=__divls
                                  003007e8  0030089b        b4
  __divls
                                  003007e8         0   none ,g         * 
  divls_zero
                                  00300886         0   none ,l         * 
  A_errno
                                  00300894         0   none ,l         * 
  n_zerono
                                  00300898         0   none ,l         * 
FILE=__modls
                                  0030089c  00300963        c8
  __modls
                                  0030089c         0   none ,g         * 
  modls_L
                                  00300942         0   none ,l         * 
  modls_zero
                                  0030094e         0   none ,l         * 
  A_errno
                                  0030095c         0   none ,l         * 
  n_zerono
                                  00300960         0   none ,l         * 
FILE=_Bcre_cychdr
                                  00300964  00300973        10
  _Bcre_cychdr
                                  00300964         0   none ,g         * 
FILE=_BSrl_DummyWAIT
                                  00300974  00300983        10
  _BSrl_DummyWAIT
                                  00300974         0   none ,g         * 
FILE=_Bsta_cychdr
                                  00300984  00300993        10
  _Bsta_cychdr
                                  00300984         0   none ,g         * 
FILE=_Bstp_cychdr
                                  00300994  003009a3        10
  _Bstp_cychdr
                                  00300994         0   none ,g         * 

SECTION=C
FILE=addin_sct
                                  00300ca4  00300cb7        14
  _B_BGN
                                  00300ca4         0   none ,g         * 
  _B_END
                                  00300ca8         0   none ,g         * 
  _R_BGN
                                  00300cac         0   none ,g         * 
  _R_END
                                  00300cb0         0   none ,g         * 
  _D_ROM
                                  00300cb4         0   none ,g         * 

SECTION=B_BR_Size
FILE=C:\Users\Felix\Desktop\casio_conways_game_of_life\casio_conways_game_of_life-main\Debug\GOL.obj
                                  08100000  08100003         4
  _BR_Size
                                  08100000         4   data ,g         * 

SECTION=B
FILE=_errno
                                  08100004  08100007         4
  __errno
                                  08100004         4   data ,g         * 

SECTION=R
FILE=C:\Program Files\CASIO\fx-9860G SDK\OS\FX\lib\setup.obj
                                  08100008  0810000b         4
  _gb_OnAppClose
                                  08100008         4   data ,g         * 

Absolute value symbols
FILE=_Bdel_cychdr
  __JumpTableTOP
                                  80010070         0   none ,l         * 
FILE=_Bdisp_AllClr_DDVRAM
  __JumpTableTOP
                                  80010070         0   none ,l         * 
FILE=_Bdisp_SetPoint_VRAM
  __JumpTableTOP
                                  80010070         0   none ,l         * 
FILE=_BfileFLS_CloseFile
  __JumpTableTOP
                                  80010070         0   none ,l         * 
FILE=_Bkey_Set_RepeatTime_Default
  __JumpTableTOP
                                  80010070         0   none ,l         * 
FILE=_CallbackAtQuitMainFunction
  __JumpTableTOP
                                  80010070         0   none ,l         * 
FILE=_flsFindClose
  __JumpTableTOP
                                  80010070         0   none ,l         * 
FILE=_getkey
  __JumpTableTOP
                                  80010070         0   none ,l         * 
FILE=_GLibAddinAplExecutionCheck
  __JumpTableTOP
                                  80010070         0   none ,l         * 
FILE=_Hmem_SetMMU
  __JumpTableTOP
                                  80010070         0   none ,l         * 
FILE=__divls
  zerodiv
                                  0000044e         0   none ,l         * 
FILE=__modls
  zerodiv
                                  0000044e         0   none ,l         * 
FILE=_Bcre_cychdr
  __JumpTableTOP
                                  80010070         0   none ,l         * 
FILE=_BSrl_DummyWAIT
  __JumpTableTOP
                                  80010070         0   none ,l         * 
FILE=_Bsta_cychdr
  __JumpTableTOP
                                  80010070         0   none ,l         * 
FILE=_Bstp_cychdr
  __JumpTableTOP
                                  80010070         0   none ,l         * 

*** Delete Symbols ***

SYMBOL                                SIZE    INFO

*** Variable Accessible with Abs8 ***

SYMBOL                                SIZE    COUNTS  OPTIMIZE

*** Variable Accessible with Abs16 ***

SYMBOL                                SIZE    COUNTS  OPTIMIZE

*** Function Call ***

SYMBOL                              COUNTS  OPTIMIZE
